../Core/Src/main.c:75:6:HAL_Delay	24	static,ignoring_inline_asm
../Core/Src/main.c:92:5:__io_putchar	16	static
../Core/Src/main.c:105:6:HAL_GPIO_EXTI_Callback	24	static
../Core/Src/main.c:134:6:read_and_save_correct_time_after_sleep	56	static
../Core/Src/main.c:164:6:save_time_to_sleep	32	static
../Core/Src/main.c:175:6:lps_temperature_pressure_measure	120	static
../Core/Src/main.c:205:6:first_procedure_hour_change	144	static
../Core/Src/main.c:266:6:second_procedure_minutes_change	176	static
../Core/Src/main.c:336:6:HAL_SPI_TxCpltCallback	16	static
../Core/Src/main.c:344:6:lcd_transfer_done	8	static
../Core/Src/main.c:349:6:lcd_is_busy	8	static
../Core/Src/main.c:360:6:check_time	120	static
../Core/Src/main.c:373:6:HAL_TIM_PeriodElapsedCallback	16	static
../Core/Src/main.c:390:5:main	152	static
../Core/Src/main.c:497:6:SystemClock_Config	96	static
../Core/Src/main.c:557:6:Error_Handler	4	static,ignoring_inline_asm
