../Core/Src/main.c:76:6:HAL_Delay	24	static,ignoring_inline_asm
../Core/Src/main.c:93:5:__io_putchar	16	static
../Core/Src/main.c:106:6:HAL_GPIO_EXTI_Callback	24	static
../Core/Src/main.c:135:6:read_and_save_correct_time_after_sleep	56	static
../Core/Src/main.c:165:6:save_time_to_sleep	32	static
../Core/Src/main.c:176:6:lps_temperature_pressure_measure	128	static
../Core/Src/main.c:207:6:first_procedure_hour_change	144	static
../Core/Src/main.c:265:6:second_procedure_minutes_change	176	static
../Core/Src/main.c:336:6:HAL_SPI_TxCpltCallback	16	static
../Core/Src/main.c:344:6:lcd_transfer_done	8	static
../Core/Src/main.c:349:6:lcd_is_busy	8	static
../Core/Src/main.c:363:5:main	152	static
../Core/Src/main.c:461:6:SystemClock_Config	96	static
../Core/Src/main.c:521:6:Error_Handler	4	static,ignoring_inline_asm
